[0.011s] Invoking command in '/home/mateo-lince/fanuc_moveit_ws/build/fanuc_m10ia_support': CMAKE_PREFIX_PATH=${CMAKE_PREFIX_PATH}:/opt/ros/jazzy DEBUGINFOD_URLS=https://debuginfod.ubuntu.com PS1=\[\e]0;\u@\h: \w\a\]${debian_chroot:+($debian_chroot)}\[\033[01;32m\]\u@\h\[\033[00m\]:\[\033[01;34m\]\w\[\033[00m\]\$ /usr/bin/cmake --build /home/mateo-lince/fanuc_moveit_ws/build/fanuc_m10ia_support -- -j16 -l16
[0.050s] Invoked command in '/home/mateo-lince/fanuc_moveit_ws/build/fanuc_m10ia_support' returned '0': CMAKE_PREFIX_PATH=${CMAKE_PREFIX_PATH}:/opt/ros/jazzy DEBUGINFOD_URLS=https://debuginfod.ubuntu.com PS1=\[\e]0;\u@\h: \w\a\]${debian_chroot:+($debian_chroot)}\[\033[01;32m\]\u@\h\[\033[00m\]:\[\033[01;34m\]\w\[\033[00m\]\$ /usr/bin/cmake --build /home/mateo-lince/fanuc_moveit_ws/build/fanuc_m10ia_support -- -j16 -l16
[0.060s] Invoking command in '/home/mateo-lince/fanuc_moveit_ws/build/fanuc_m10ia_support': CMAKE_PREFIX_PATH=${CMAKE_PREFIX_PATH}:/opt/ros/jazzy DEBUGINFOD_URLS=https://debuginfod.ubuntu.com PS1=\[\e]0;\u@\h: \w\a\]${debian_chroot:+($debian_chroot)}\[\033[01;32m\]\u@\h\[\033[00m\]:\[\033[01;34m\]\w\[\033[00m\]\$ /usr/bin/cmake --install /home/mateo-lince/fanuc_moveit_ws/build/fanuc_m10ia_support
[0.067s] -- Install configuration: ""
[0.067s] -- Up-to-date: /home/mateo-lince/fanuc_moveit_ws/install/fanuc_m10ia_support/share/fanuc_m10ia_support/urdf
[0.068s] -- Up-to-date: /home/mateo-lince/fanuc_moveit_ws/install/fanuc_m10ia_support/share/fanuc_m10ia_support/urdf/common_materials.xacro
[0.068s] -- Installing: /home/mateo-lince/fanuc_moveit_ws/install/fanuc_m10ia_support/share/fanuc_m10ia_support/urdf/m10ia_macro.xacro
[0.068s] -- Up-to-date: /home/mateo-lince/fanuc_moveit_ws/install/fanuc_m10ia_support/share/fanuc_m10ia_support/urdf/m10ia.xacro
[0.068s] -- Up-to-date: /home/mateo-lince/fanuc_moveit_ws/install/fanuc_m10ia_support/share/fanuc_m10ia_support/urdf/common_colours.xacro
[0.068s] -- Up-to-date: /home/mateo-lince/fanuc_moveit_ws/install/fanuc_m10ia_support/share/fanuc_m10ia_support/meshes
[0.068s] -- Up-to-date: /home/mateo-lince/fanuc_moveit_ws/install/fanuc_m10ia_support/share/fanuc_m10ia_support/meshes/m10ia
[0.068s] -- Up-to-date: /home/mateo-lince/fanuc_moveit_ws/install/fanuc_m10ia_support/share/fanuc_m10ia_support/meshes/m10ia/collision
[0.068s] -- Up-to-date: /home/mateo-lince/fanuc_moveit_ws/install/fanuc_m10ia_support/share/fanuc_m10ia_support/meshes/m10ia/collision/link_1.stl
[0.069s] -- Up-to-date: /home/mateo-lince/fanuc_moveit_ws/install/fanuc_m10ia_support/share/fanuc_m10ia_support/meshes/m10ia/collision/link_3.stl
[0.069s] -- Up-to-date: /home/mateo-lince/fanuc_moveit_ws/install/fanuc_m10ia_support/share/fanuc_m10ia_support/meshes/m10ia/collision/link_6.stl
[0.069s] -- Up-to-date: /home/mateo-lince/fanuc_moveit_ws/install/fanuc_m10ia_support/share/fanuc_m10ia_support/meshes/m10ia/collision/link_4.stl
[0.069s] -- Up-to-date: /home/mateo-lince/fanuc_moveit_ws/install/fanuc_m10ia_support/share/fanuc_m10ia_support/meshes/m10ia/collision/link_5.stl
[0.069s] -- Up-to-date: /home/mateo-lince/fanuc_moveit_ws/install/fanuc_m10ia_support/share/fanuc_m10ia_support/meshes/m10ia/collision/link_2.stl
[0.069s] -- Up-to-date: /home/mateo-lince/fanuc_moveit_ws/install/fanuc_m10ia_support/share/fanuc_m10ia_support/meshes/m10ia/collision/base_link.stl
[0.069s] -- Up-to-date: /home/mateo-lince/fanuc_moveit_ws/install/fanuc_m10ia_support/share/fanuc_m10ia_support/meshes/m10ia/visual
[0.069s] -- Up-to-date: /home/mateo-lince/fanuc_moveit_ws/install/fanuc_m10ia_support/share/fanuc_m10ia_support/meshes/m10ia/visual/cover_j2.stl
[0.069s] -- Up-to-date: /home/mateo-lince/fanuc_moveit_ws/install/fanuc_m10ia_support/share/fanuc_m10ia_support/meshes/m10ia/visual/link_1.stl
[0.069s] -- Up-to-date: /home/mateo-lince/fanuc_moveit_ws/install/fanuc_m10ia_support/share/fanuc_m10ia_support/meshes/m10ia/visual/log
[0.069s] -- Up-to-date: /home/mateo-lince/fanuc_moveit_ws/install/fanuc_m10ia_support/share/fanuc_m10ia_support/meshes/m10ia/visual/log/build_2026-09-12_23-24-24
[0.069s] -- Up-to-date: /home/mateo-lince/fanuc_moveit_ws/install/fanuc_m10ia_support/share/fanuc_m10ia_support/meshes/m10ia/visual/log/build_2026-09-12_23-24-24/logger_all.log
[0.069s] -- Up-to-date: /home/mateo-lince/fanuc_moveit_ws/install/fanuc_m10ia_support/share/fanuc_m10ia_support/meshes/m10ia/visual/log/build_2026-09-12_23-24-24/events.log
[0.069s] -- Up-to-date: /home/mateo-lince/fanuc_moveit_ws/install/fanuc_m10ia_support/share/fanuc_m10ia_support/meshes/m10ia/visual/log/latest_build
[0.069s] -- Up-to-date: /home/mateo-lince/fanuc_moveit_ws/install/fanuc_m10ia_support/share/fanuc_m10ia_support/meshes/m10ia/visual/log/COLCON_IGNORE
[0.069s] -- Up-to-date: /home/mateo-lince/fanuc_moveit_ws/install/fanuc_m10ia_support/share/fanuc_m10ia_support/meshes/m10ia/visual/log/build_2026-09-12_23-19-46
[0.069s] -- Up-to-date: /home/mateo-lince/fanuc_moveit_ws/install/fanuc_m10ia_support/share/fanuc_m10ia_support/meshes/m10ia/visual/log/build_2026-09-12_23-19-46/logger_all.log
[0.069s] -- Up-to-date: /home/mateo-lince/fanuc_moveit_ws/install/fanuc_m10ia_support/share/fanuc_m10ia_support/meshes/m10ia/visual/log/build_2026-09-12_23-19-46/events.log
[0.070s] -- Up-to-date: /home/mateo-lince/fanuc_moveit_ws/install/fanuc_m10ia_support/share/fanuc_m10ia_support/meshes/m10ia/visual/log/latest
[0.070s] -- Up-to-date: /home/mateo-lince/fanuc_moveit_ws/install/fanuc_m10ia_support/share/fanuc_m10ia_support/meshes/m10ia/visual/install
[0.070s] -- Up-to-date: /home/mateo-lince/fanuc_moveit_ws/install/fanuc_m10ia_support/share/fanuc_m10ia_support/meshes/m10ia/visual/install/local_setup.zsh
[0.070s] -- Up-to-date: /home/mateo-lince/fanuc_moveit_ws/install/fanuc_m10ia_support/share/fanuc_m10ia_support/meshes/m10ia/visual/install/local_setup.bash
[0.070s] -- Up-to-date: /home/mateo-lince/fanuc_moveit_ws/install/fanuc_m10ia_support/share/fanuc_m10ia_support/meshes/m10ia/visual/install/_local_setup_util_ps1.py
[0.070s] -- Up-to-date: /home/mateo-lince/fanuc_moveit_ws/install/fanuc_m10ia_support/share/fanuc_m10ia_support/meshes/m10ia/visual/install/COLCON_IGNORE
[0.070s] -- Up-to-date: /home/mateo-lince/fanuc_moveit_ws/install/fanuc_m10ia_support/share/fanuc_m10ia_support/meshes/m10ia/visual/install/setup.sh
[0.070s] -- Up-to-date: /home/mateo-lince/fanuc_moveit_ws/install/fanuc_m10ia_support/share/fanuc_m10ia_support/meshes/m10ia/visual/install/setup.ps1
[0.070s] -- Up-to-date: /home/mateo-lince/fanuc_moveit_ws/install/fanuc_m10ia_support/share/fanuc_m10ia_support/meshes/m10ia/visual/install/setup.bash
[0.070s] -- Up-to-date: /home/mateo-lince/fanuc_moveit_ws/install/fanuc_m10ia_support/share/fanuc_m10ia_support/meshes/m10ia/visual/install/setup.zsh
[0.070s] -- Up-to-date: /home/mateo-lince/fanuc_moveit_ws/install/fanuc_m10ia_support/share/fanuc_m10ia_support/meshes/m10ia/visual/install/local_setup.ps1
[0.070s] -- Up-to-date: /home/mateo-lince/fanuc_moveit_ws/install/fanuc_m10ia_support/share/fanuc_m10ia_support/meshes/m10ia/visual/install/_local_setup_util_sh.py
[0.070s] -- Up-to-date: /home/mateo-lince/fanuc_moveit_ws/install/fanuc_m10ia_support/share/fanuc_m10ia_support/meshes/m10ia/visual/install/.colcon_install_layout
[0.070s] -- Up-to-date: /home/mateo-lince/fanuc_moveit_ws/install/fanuc_m10ia_support/share/fanuc_m10ia_support/meshes/m10ia/visual/install/local_setup.sh
[0.070s] -- Up-to-date: /home/mateo-lince/fanuc_moveit_ws/install/fanuc_m10ia_support/share/fanuc_m10ia_support/meshes/m10ia/visual/link_3.stl
[0.070s] -- Up-to-date: /home/mateo-lince/fanuc_moveit_ws/install/fanuc_m10ia_support/share/fanuc_m10ia_support/meshes/m10ia/visual/link_6.stl
[0.070s] -- Up-to-date: /home/mateo-lince/fanuc_moveit_ws/install/fanuc_m10ia_support/share/fanuc_m10ia_support/meshes/m10ia/visual/cover_j4.stl
[0.071s] -- Up-to-date: /home/mateo-lince/fanuc_moveit_ws/install/fanuc_m10ia_support/share/fanuc_m10ia_support/meshes/m10ia/visual/link_4.stl
[0.071s] -- Up-to-date: /home/mateo-lince/fanuc_moveit_ws/install/fanuc_m10ia_support/share/fanuc_m10ia_support/meshes/m10ia/visual/link_5.stl
[0.071s] -- Up-to-date: /home/mateo-lince/fanuc_moveit_ws/install/fanuc_m10ia_support/share/fanuc_m10ia_support/meshes/m10ia/visual/link_2.stl
[0.071s] -- Up-to-date: /home/mateo-lince/fanuc_moveit_ws/install/fanuc_m10ia_support/share/fanuc_m10ia_support/meshes/m10ia/visual/build
[0.071s] -- Up-to-date: /home/mateo-lince/fanuc_moveit_ws/install/fanuc_m10ia_support/share/fanuc_m10ia_support/meshes/m10ia/visual/build/COLCON_IGNORE
[0.071s] -- Up-to-date: /home/mateo-lince/fanuc_moveit_ws/install/fanuc_m10ia_support/share/fanuc_m10ia_support/meshes/m10ia/visual/build/.built_by
[0.071s] -- Up-to-date: /home/mateo-lince/fanuc_moveit_ws/install/fanuc_m10ia_support/share/fanuc_m10ia_support/meshes/m10ia/visual/base_link.stl
[0.071s] -- Up-to-date: /home/mateo-lince/fanuc_moveit_ws/install/fanuc_m10ia_support/share/ament_index/resource_index/package_run_dependencies/fanuc_m10ia_support
[0.071s] -- Up-to-date: /home/mateo-lince/fanuc_moveit_ws/install/fanuc_m10ia_support/share/ament_index/resource_index/parent_prefix_path/fanuc_m10ia_support
[0.071s] -- Up-to-date: /home/mateo-lince/fanuc_moveit_ws/install/fanuc_m10ia_support/share/fanuc_m10ia_support/environment/ament_prefix_path.sh
[0.071s] -- Up-to-date: /home/mateo-lince/fanuc_moveit_ws/install/fanuc_m10ia_support/share/fanuc_m10ia_support/environment/ament_prefix_path.dsv
[0.071s] -- Up-to-date: /home/mateo-lince/fanuc_moveit_ws/install/fanuc_m10ia_support/share/fanuc_m10ia_support/environment/path.sh
[0.071s] -- Up-to-date: /home/mateo-lince/fanuc_moveit_ws/install/fanuc_m10ia_support/share/fanuc_m10ia_support/environment/path.dsv
[0.071s] -- Up-to-date: /home/mateo-lince/fanuc_moveit_ws/install/fanuc_m10ia_support/share/fanuc_m10ia_support/local_setup.bash
[0.071s] -- Up-to-date: /home/mateo-lince/fanuc_moveit_ws/install/fanuc_m10ia_support/share/fanuc_m10ia_support/local_setup.sh
[0.071s] -- Up-to-date: /home/mateo-lince/fanuc_moveit_ws/install/fanuc_m10ia_support/share/fanuc_m10ia_support/local_setup.zsh
[0.071s] -- Up-to-date: /home/mateo-lince/fanuc_moveit_ws/install/fanuc_m10ia_support/share/fanuc_m10ia_support/local_setup.dsv
[0.071s] -- Installing: /home/mateo-lince/fanuc_moveit_ws/install/fanuc_m10ia_support/share/fanuc_m10ia_support/package.dsv
[0.071s] -- Up-to-date: /home/mateo-lince/fanuc_moveit_ws/install/fanuc_m10ia_support/share/ament_index/resource_index/packages/fanuc_m10ia_support
[0.071s] -- Up-to-date: /home/mateo-lince/fanuc_moveit_ws/install/fanuc_m10ia_support/share/fanuc_m10ia_support/cmake/fanuc_m10ia_supportConfig.cmake
[0.071s] -- Up-to-date: /home/mateo-lince/fanuc_moveit_ws/install/fanuc_m10ia_support/share/fanuc_m10ia_support/cmake/fanuc_m10ia_supportConfig-version.cmake
[0.071s] -- Up-to-date: /home/mateo-lince/fanuc_moveit_ws/install/fanuc_m10ia_support/share/fanuc_m10ia_support/package.xml
[0.071s] Invoked command in '/home/mateo-lince/fanuc_moveit_ws/build/fanuc_m10ia_support' returned '0': CMAKE_PREFIX_PATH=${CMAKE_PREFIX_PATH}:/opt/ros/jazzy DEBUGINFOD_URLS=https://debuginfod.ubuntu.com PS1=\[\e]0;\u@\h: \w\a\]${debian_chroot:+($debian_chroot)}\[\033[01;32m\]\u@\h\[\033[00m\]:\[\033[01;34m\]\w\[\033[00m\]\$ /usr/bin/cmake --install /home/mateo-lince/fanuc_moveit_ws/build/fanuc_m10ia_support
