[0.008s] Invoking command in '/home/mateo-lince/fanuc_moveit_ws/build/fanuc_m10ia_control': CMAKE_PREFIX_PATH=${CMAKE_PREFIX_PATH}:/opt/ros/jazzy DEBUGINFOD_URLS=https://debuginfod.ubuntu.com /usr/bin/cmake --build /home/mateo-lince/fanuc_moveit_ws/build/fanuc_m10ia_control -- -j16 -l16
[0.058s] [ 50%] Built target path_length
[0.058s] [100%] Built target planning_scene
[0.071s] Invoked command in '/home/mateo-lince/fanuc_moveit_ws/build/fanuc_m10ia_control' returned '0': CMAKE_PREFIX_PATH=${CMAKE_PREFIX_PATH}:/opt/ros/jazzy DEBUGINFOD_URLS=https://debuginfod.ubuntu.com /usr/bin/cmake --build /home/mateo-lince/fanuc_moveit_ws/build/fanuc_m10ia_control -- -j16 -l16
[0.072s] Invoking command in '/home/mateo-lince/fanuc_moveit_ws/build/fanuc_m10ia_control': CMAKE_PREFIX_PATH=${CMAKE_PREFIX_PATH}:/opt/ros/jazzy DEBUGINFOD_URLS=https://debuginfod.ubuntu.com /usr/bin/cmake --install /home/mateo-lince/fanuc_moveit_ws/build/fanuc_m10ia_control
[0.080s] -- Install configuration: ""
[0.080s] -- Up-to-date: /home/mateo-lince/fanuc_moveit_ws/install/fanuc_m10ia_control/lib/fanuc_m10ia_control/planning_scene
[0.080s] -- Up-to-date: /home/mateo-lince/fanuc_moveit_ws/install/fanuc_m10ia_control/lib/fanuc_m10ia_control/path_length
[0.080s] -- Up-to-date: /home/mateo-lince/fanuc_moveit_ws/install/fanuc_m10ia_control/share/ament_index/resource_index/package_run_dependencies/fanuc_m10ia_control
[0.080s] -- Up-to-date: /home/mateo-lince/fanuc_moveit_ws/install/fanuc_m10ia_control/share/ament_index/resource_index/parent_prefix_path/fanuc_m10ia_control
[0.080s] -- Up-to-date: /home/mateo-lince/fanuc_moveit_ws/install/fanuc_m10ia_control/share/fanuc_m10ia_control/environment/ament_prefix_path.sh
[0.080s] -- Up-to-date: /home/mateo-lince/fanuc_moveit_ws/install/fanuc_m10ia_control/share/fanuc_m10ia_control/environment/ament_prefix_path.dsv
[0.080s] -- Up-to-date: /home/mateo-lince/fanuc_moveit_ws/install/fanuc_m10ia_control/share/fanuc_m10ia_control/environment/path.sh
[0.081s] -- Up-to-date: /home/mateo-lince/fanuc_moveit_ws/install/fanuc_m10ia_control/share/fanuc_m10ia_control/environment/path.dsv
[0.081s] -- Up-to-date: /home/mateo-lince/fanuc_moveit_ws/install/fanuc_m10ia_control/share/fanuc_m10ia_control/local_setup.bash
[0.081s] -- Up-to-date: /home/mateo-lince/fanuc_moveit_ws/install/fanuc_m10ia_control/share/fanuc_m10ia_control/local_setup.sh
[0.081s] -- Up-to-date: /home/mateo-lince/fanuc_moveit_ws/install/fanuc_m10ia_control/share/fanuc_m10ia_control/local_setup.zsh
[0.081s] -- Up-to-date: /home/mateo-lince/fanuc_moveit_ws/install/fanuc_m10ia_control/share/fanuc_m10ia_control/local_setup.dsv
[0.081s] -- Installing: /home/mateo-lince/fanuc_moveit_ws/install/fanuc_m10ia_control/share/fanuc_m10ia_control/package.dsv
[0.081s] -- Up-to-date: /home/mateo-lince/fanuc_moveit_ws/install/fanuc_m10ia_control/share/ament_index/resource_index/packages/fanuc_m10ia_control
[0.081s] -- Up-to-date: /home/mateo-lince/fanuc_moveit_ws/install/fanuc_m10ia_control/share/fanuc_m10ia_control/cmake/fanuc_m10ia_controlConfig.cmake
[0.081s] -- Up-to-date: /home/mateo-lince/fanuc_moveit_ws/install/fanuc_m10ia_control/share/fanuc_m10ia_control/cmake/fanuc_m10ia_controlConfig-version.cmake
[0.081s] -- Up-to-date: /home/mateo-lince/fanuc_moveit_ws/install/fanuc_m10ia_control/share/fanuc_m10ia_control/package.xml
[0.082s] Invoked command in '/home/mateo-lince/fanuc_moveit_ws/build/fanuc_m10ia_control' returned '0': CMAKE_PREFIX_PATH=${CMAKE_PREFIX_PATH}:/opt/ros/jazzy DEBUGINFOD_URLS=https://debuginfod.ubuntu.com /usr/bin/cmake --install /home/mateo-lince/fanuc_moveit_ws/build/fanuc_m10ia_control
