-- Install configuration: ""
-- Up-to-date: /home/mateo-lince/fanuc_moveit_ws/install/fanuc_m10ia_support/share/fanuc_m10ia_support/urdf
-- Up-to-date: /home/mateo-lince/fanuc_moveit_ws/install/fanuc_m10ia_support/share/fanuc_m10ia_support/urdf/common_materials.xacro
-- Installing: /home/mateo-lince/fanuc_moveit_ws/install/fanuc_m10ia_support/share/fanuc_m10ia_support/urdf/m10ia_macro.xacro
-- Up-to-date: /home/mateo-lince/fanuc_moveit_ws/install/fanuc_m10ia_support/share/fanuc_m10ia_support/urdf/m10ia.xacro
-- Up-to-date: /home/mateo-lince/fanuc_moveit_ws/install/fanuc_m10ia_support/share/fanuc_m10ia_support/urdf/common_colours.xacro
-- Up-to-date: /home/mateo-lince/fanuc_moveit_ws/install/fanuc_m10ia_support/share/fanuc_m10ia_support/meshes
-- Up-to-date: /home/mateo-lince/fanuc_moveit_ws/install/fanuc_m10ia_support/share/fanuc_m10ia_support/meshes/m10ia
-- Up-to-date: /home/mateo-lince/fanuc_moveit_ws/install/fanuc_m10ia_support/share/fanuc_m10ia_support/meshes/m10ia/collision
-- Up-to-date: /home/mateo-lince/fanuc_moveit_ws/install/fanuc_m10ia_support/share/fanuc_m10ia_support/meshes/m10ia/collision/link_1.stl
-- Up-to-date: /home/mateo-lince/fanuc_moveit_ws/install/fanuc_m10ia_support/share/fanuc_m10ia_support/meshes/m10ia/collision/link_3.stl
-- Up-to-date: /home/mateo-lince/fanuc_moveit_ws/install/fanuc_m10ia_support/share/fanuc_m10ia_support/meshes/m10ia/collision/link_6.stl
-- Up-to-date: /home/mateo-lince/fanuc_moveit_ws/install/fanuc_m10ia_support/share/fanuc_m10ia_support/meshes/m10ia/collision/link_4.stl
-- Up-to-date: /home/mateo-lince/fanuc_moveit_ws/install/fanuc_m10ia_support/share/fanuc_m10ia_support/meshes/m10ia/collision/link_5.stl
-- Up-to-date: /home/mateo-lince/fanuc_moveit_ws/install/fanuc_m10ia_support/share/fanuc_m10ia_support/meshes/m10ia/collision/link_2.stl
-- Up-to-date: /home/mateo-lince/fanuc_moveit_ws/install/fanuc_m10ia_support/share/fanuc_m10ia_support/meshes/m10ia/collision/base_link.stl
-- Up-to-date: /home/mateo-lince/fanuc_moveit_ws/install/fanuc_m10ia_support/share/fanuc_m10ia_support/meshes/m10ia/visual
-- Installing: /home/mateo-lince/fanuc_moveit_ws/install/fanuc_m10ia_support/share/fanuc_m10ia_support/meshes/m10ia/visual/cover_j2.stl
-- Installing: /home/mateo-lince/fanuc_moveit_ws/install/fanuc_m10ia_support/share/fanuc_m10ia_support/meshes/m10ia/visual/link_1.stl
-- Installing: /home/mateo-lince/fanuc_moveit_ws/install/fanuc_m10ia_support/share/fanuc_m10ia_support/meshes/m10ia/visual/log
-- Installing: /home/mateo-lince/fanuc_moveit_ws/install/fanuc_m10ia_support/share/fanuc_m10ia_support/meshes/m10ia/visual/log/build_2026-09-12_23-24-24
-- Installing: /home/mateo-lince/fanuc_moveit_ws/install/fanuc_m10ia_support/share/fanuc_m10ia_support/meshes/m10ia/visual/log/build_2026-09-12_23-24-24/logger_all.log
-- Installing: /home/mateo-lince/fanuc_moveit_ws/install/fanuc_m10ia_support/share/fanuc_m10ia_support/meshes/m10ia/visual/log/build_2026-09-12_23-24-24/events.log
-- Installing: /home/mateo-lince/fanuc_moveit_ws/install/fanuc_m10ia_support/share/fanuc_m10ia_support/meshes/m10ia/visual/log/latest_build
-- Installing: /home/mateo-lince/fanuc_moveit_ws/install/fanuc_m10ia_support/share/fanuc_m10ia_support/meshes/m10ia/visual/log/COLCON_IGNORE
-- Installing: /home/mateo-lince/fanuc_moveit_ws/install/fanuc_m10ia_support/share/fanuc_m10ia_support/meshes/m10ia/visual/log/build_2026-09-12_23-19-46
-- Installing: /home/mateo-lince/fanuc_moveit_ws/install/fanuc_m10ia_support/share/fanuc_m10ia_support/meshes/m10ia/visual/log/build_2026-09-12_23-19-46/logger_all.log
-- Installing: /home/mateo-lince/fanuc_moveit_ws/install/fanuc_m10ia_support/share/fanuc_m10ia_support/meshes/m10ia/visual/log/build_2026-09-12_23-19-46/events.log
-- Installing: /home/mateo-lince/fanuc_moveit_ws/install/fanuc_m10ia_support/share/fanuc_m10ia_support/meshes/m10ia/visual/log/latest
-- Installing: /home/mateo-lince/fanuc_moveit_ws/install/fanuc_m10ia_support/share/fanuc_m10ia_support/meshes/m10ia/visual/install
-- Installing: /home/mateo-lince/fanuc_moveit_ws/install/fanuc_m10ia_support/share/fanuc_m10ia_support/meshes/m10ia/visual/install/local_setup.zsh
-- Installing: /home/mateo-lince/fanuc_moveit_ws/install/fanuc_m10ia_support/share/fanuc_m10ia_support/meshes/m10ia/visual/install/local_setup.bash
-- Installing: /home/mateo-lince/fanuc_moveit_ws/install/fanuc_m10ia_support/share/fanuc_m10ia_support/meshes/m10ia/visual/install/_local_setup_util_ps1.py
-- Installing: /home/mateo-lince/fanuc_moveit_ws/install/fanuc_m10ia_support/share/fanuc_m10ia_support/meshes/m10ia/visual/install/COLCON_IGNORE
-- Installing: /home/mateo-lince/fanuc_moveit_ws/install/fanuc_m10ia_support/share/fanuc_m10ia_support/meshes/m10ia/visual/install/setup.sh
-- Installing: /home/mateo-lince/fanuc_moveit_ws/install/fanuc_m10ia_support/share/fanuc_m10ia_support/meshes/m10ia/visual/install/setup.ps1
-- Installing: /home/mateo-lince/fanuc_moveit_ws/install/fanuc_m10ia_support/share/fanuc_m10ia_support/meshes/m10ia/visual/install/setup.bash
-- Installing: /home/mateo-lince/fanuc_moveit_ws/install/fanuc_m10ia_support/share/fanuc_m10ia_support/meshes/m10ia/visual/install/setup.zsh
-- Installing: /home/mateo-lince/fanuc_moveit_ws/install/fanuc_m10ia_support/share/fanuc_m10ia_support/meshes/m10ia/visual/install/local_setup.ps1
-- Installing: /home/mateo-lince/fanuc_moveit_ws/install/fanuc_m10ia_support/share/fanuc_m10ia_support/meshes/m10ia/visual/install/_local_setup_util_sh.py
-- Installing: /home/mateo-lince/fanuc_moveit_ws/install/fanuc_m10ia_support/share/fanuc_m10ia_support/meshes/m10ia/visual/install/.colcon_install_layout
-- Installing: /home/mateo-lince/fanuc_moveit_ws/install/fanuc_m10ia_support/share/fanuc_m10ia_support/meshes/m10ia/visual/install/local_setup.sh
-- Installing: /home/mateo-lince/fanuc_moveit_ws/install/fanuc_m10ia_support/share/fanuc_m10ia_support/meshes/m10ia/visual/link_3.stl
-- Installing: /home/mateo-lince/fanuc_moveit_ws/install/fanuc_m10ia_support/share/fanuc_m10ia_support/meshes/m10ia/visual/link_6.stl
-- Installing: /home/mateo-lince/fanuc_moveit_ws/install/fanuc_m10ia_support/share/fanuc_m10ia_support/meshes/m10ia/visual/cover_j4.stl
-- Installing: /home/mateo-lince/fanuc_moveit_ws/install/fanuc_m10ia_support/share/fanuc_m10ia_support/meshes/m10ia/visual/link_4.stl
-- Installing: /home/mateo-lince/fanuc_moveit_ws/install/fanuc_m10ia_support/share/fanuc_m10ia_support/meshes/m10ia/visual/link_5.stl
-- Installing: /home/mateo-lince/fanuc_moveit_ws/install/fanuc_m10ia_support/share/fanuc_m10ia_support/meshes/m10ia/visual/link_2.stl
-- Installing: /home/mateo-lince/fanuc_moveit_ws/install/fanuc_m10ia_support/share/fanuc_m10ia_support/meshes/m10ia/visual/build
-- Installing: /home/mateo-lince/fanuc_moveit_ws/install/fanuc_m10ia_support/share/fanuc_m10ia_support/meshes/m10ia/visual/build/COLCON_IGNORE
-- Installing: /home/mateo-lince/fanuc_moveit_ws/install/fanuc_m10ia_support/share/fanuc_m10ia_support/meshes/m10ia/visual/build/.built_by
-- Installing: /home/mateo-lince/fanuc_moveit_ws/install/fanuc_m10ia_support/share/fanuc_m10ia_support/meshes/m10ia/visual/base_link.stl
-- Up-to-date: /home/mateo-lince/fanuc_moveit_ws/install/fanuc_m10ia_support/share/ament_index/resource_index/package_run_dependencies/fanuc_m10ia_support
-- Up-to-date: /home/mateo-lince/fanuc_moveit_ws/install/fanuc_m10ia_support/share/ament_index/resource_index/parent_prefix_path/fanuc_m10ia_support
-- Up-to-date: /home/mateo-lince/fanuc_moveit_ws/install/fanuc_m10ia_support/share/fanuc_m10ia_support/environment/ament_prefix_path.sh
-- Up-to-date: /home/mateo-lince/fanuc_moveit_ws/install/fanuc_m10ia_support/share/fanuc_m10ia_support/environment/ament_prefix_path.dsv
-- Up-to-date: /home/mateo-lince/fanuc_moveit_ws/install/fanuc_m10ia_support/share/fanuc_m10ia_support/environment/path.sh
-- Up-to-date: /home/mateo-lince/fanuc_moveit_ws/install/fanuc_m10ia_support/share/fanuc_m10ia_support/environment/path.dsv
-- Up-to-date: /home/mateo-lince/fanuc_moveit_ws/install/fanuc_m10ia_support/share/fanuc_m10ia_support/local_setup.bash
-- Up-to-date: /home/mateo-lince/fanuc_moveit_ws/install/fanuc_m10ia_support/share/fanuc_m10ia_support/local_setup.sh
-- Up-to-date: /home/mateo-lince/fanuc_moveit_ws/install/fanuc_m10ia_support/share/fanuc_m10ia_support/local_setup.zsh
-- Up-to-date: /home/mateo-lince/fanuc_moveit_ws/install/fanuc_m10ia_support/share/fanuc_m10ia_support/local_setup.dsv
-- Installing: /home/mateo-lince/fanuc_moveit_ws/install/fanuc_m10ia_support/share/fanuc_m10ia_support/package.dsv
-- Up-to-date: /home/mateo-lince/fanuc_moveit_ws/install/fanuc_m10ia_support/share/ament_index/resource_index/packages/fanuc_m10ia_support
-- Up-to-date: /home/mateo-lince/fanuc_moveit_ws/install/fanuc_m10ia_support/share/fanuc_m10ia_support/cmake/fanuc_m10ia_supportConfig.cmake
-- Up-to-date: /home/mateo-lince/fanuc_moveit_ws/install/fanuc_m10ia_support/share/fanuc_m10ia_support/cmake/fanuc_m10ia_supportConfig-version.cmake
-- Up-to-date: /home/mateo-lince/fanuc_moveit_ws/install/fanuc_m10ia_support/share/fanuc_m10ia_support/package.xml
