[0.008s] Invoking command in '/home/mateo-lince/fanuc_moveit_ws/build/fanuc_m10ia_support': CMAKE_PREFIX_PATH=${CMAKE_PREFIX_PATH}:/opt/ros/jazzy DEBUGINFOD_URLS=https://debuginfod.ubuntu.com /usr/bin/cmake /home/mateo-lince/fanuc_moveit_ws/src/fanuc_m10ia_support -DCMAKE_INSTALL_PREFIX=/home/mateo-lince/fanuc_moveit_ws/install/fanuc_m10ia_support
[0.061s] -- The C compiler identification is GNU 13.3.0
[0.103s] -- The CXX compiler identification is GNU 13.3.0
[0.120s] -- Detecting C compiler ABI info
[0.195s] -- Detecting C compiler ABI info - done
[0.201s] -- Check for working C compiler: /usr/bin/cc - skipped
[0.201s] -- Detecting C compile features
[0.201s] -- Detecting C compile features - done
[0.210s] -- Detecting CXX compiler ABI info
[0.294s] -- Detecting CXX compiler ABI info - done
[0.299s] -- Check for working CXX compiler: /usr/bin/c++ - skipped
[0.300s] -- Detecting CXX compile features
[0.300s] -- Detecting CXX compile features - done
[0.303s] -- Found ament_cmake: 2.5.6 (/opt/ros/jazzy/share/ament_cmake/cmake)
[0.418s] -- Found Python3: /usr/bin/python3 (found version "3.12.3") found components: Interpreter 
[0.514s] -- Found ament_lint_auto: 0.17.5 (/opt/ros/jazzy/share/ament_lint_auto/cmake)
[0.597s] -- Added test 'lint_cmake' to check CMake code style
[0.599s] -- Added test 'xmllint' to check XML markup files
[0.600s] -- Configuring done (0.6s)
[0.602s] -- Generating done (0.0s)
[0.603s] -- Build files have been written to: /home/mateo-lince/fanuc_moveit_ws/build/fanuc_m10ia_support
[0.608s] Invoked command in '/home/mateo-lince/fanuc_moveit_ws/build/fanuc_m10ia_support' returned '0': CMAKE_PREFIX_PATH=${CMAKE_PREFIX_PATH}:/opt/ros/jazzy DEBUGINFOD_URLS=https://debuginfod.ubuntu.com /usr/bin/cmake /home/mateo-lince/fanuc_moveit_ws/src/fanuc_m10ia_support -DCMAKE_INSTALL_PREFIX=/home/mateo-lince/fanuc_moveit_ws/install/fanuc_m10ia_support
[0.609s] Invoking command in '/home/mateo-lince/fanuc_moveit_ws/build/fanuc_m10ia_support': CMAKE_PREFIX_PATH=${CMAKE_PREFIX_PATH}:/opt/ros/jazzy DEBUGINFOD_URLS=https://debuginfod.ubuntu.com /usr/bin/cmake --build /home/mateo-lince/fanuc_moveit_ws/build/fanuc_m10ia_support -- -j16 -l16
[0.648s] Invoked command in '/home/mateo-lince/fanuc_moveit_ws/build/fanuc_m10ia_support' returned '0': CMAKE_PREFIX_PATH=${CMAKE_PREFIX_PATH}:/opt/ros/jazzy DEBUGINFOD_URLS=https://debuginfod.ubuntu.com /usr/bin/cmake --build /home/mateo-lince/fanuc_moveit_ws/build/fanuc_m10ia_support -- -j16 -l16
[0.658s] Invoking command in '/home/mateo-lince/fanuc_moveit_ws/build/fanuc_m10ia_support': CMAKE_PREFIX_PATH=${CMAKE_PREFIX_PATH}:/opt/ros/jazzy DEBUGINFOD_URLS=https://debuginfod.ubuntu.com /usr/bin/cmake --install /home/mateo-lince/fanuc_moveit_ws/build/fanuc_m10ia_support
[0.666s] -- Install configuration: ""
[0.667s] -- Installing: /home/mateo-lince/fanuc_moveit_ws/install/fanuc_m10ia_support/share/fanuc_m10ia_support/urdf
[0.667s] -- Installing: /home/mateo-lince/fanuc_moveit_ws/install/fanuc_m10ia_support/share/fanuc_m10ia_support/urdf/common_materials.xacro
[0.667s] -- Installing: /home/mateo-lince/fanuc_moveit_ws/install/fanuc_m10ia_support/share/fanuc_m10ia_support/urdf/m10ia_macro.xacro
[0.667s] -- Installing: /home/mateo-lince/fanuc_moveit_ws/install/fanuc_m10ia_support/share/fanuc_m10ia_support/urdf/m10ia.xacro
[0.667s] -- Installing: /home/mateo-lince/fanuc_moveit_ws/install/fanuc_m10ia_support/share/fanuc_m10ia_support/urdf/common_colours.xacro
[0.667s] -- Installing: /home/mateo-lince/fanuc_moveit_ws/install/fanuc_m10ia_support/share/fanuc_m10ia_support/meshes
[0.667s] -- Installing: /home/mateo-lince/fanuc_moveit_ws/install/fanuc_m10ia_support/share/fanuc_m10ia_support/meshes/m10ia
[0.667s] -- Installing: /home/mateo-lince/fanuc_moveit_ws/install/fanuc_m10ia_support/share/fanuc_m10ia_support/meshes/m10ia/collision
[0.667s] -- Installing: /home/mateo-lince/fanuc_moveit_ws/install/fanuc_m10ia_support/share/fanuc_m10ia_support/meshes/m10ia/collision/link_1.stl
[0.667s] -- Installing: /home/mateo-lince/fanuc_moveit_ws/install/fanuc_m10ia_support/share/fanuc_m10ia_support/meshes/m10ia/collision/link_3.stl
[0.668s] -- Installing: /home/mateo-lince/fanuc_moveit_ws/install/fanuc_m10ia_support/share/fanuc_m10ia_support/meshes/m10ia/collision/link_6.stl
[0.668s] -- Installing: /home/mateo-lince/fanuc_moveit_ws/install/fanuc_m10ia_support/share/fanuc_m10ia_support/meshes/m10ia/collision/link_4.stl
[0.668s] -- Installing: /home/mateo-lince/fanuc_moveit_ws/install/fanuc_m10ia_support/share/fanuc_m10ia_support/meshes/m10ia/collision/link_5.stl
[0.668s] -- Installing: /home/mateo-lince/fanuc_moveit_ws/install/fanuc_m10ia_support/share/fanuc_m10ia_support/meshes/m10ia/collision/link_2.stl
[0.668s] -- Installing: /home/mateo-lince/fanuc_moveit_ws/install/fanuc_m10ia_support/share/fanuc_m10ia_support/meshes/m10ia/collision/base_link.stl
[0.668s] -- Installing: /home/mateo-lince/fanuc_moveit_ws/install/fanuc_m10ia_support/share/fanuc_m10ia_support/meshes/m10ia/visual
[0.668s] -- Installing: /home/mateo-lince/fanuc_moveit_ws/install/fanuc_m10ia_support/share/fanuc_m10ia_support/meshes/m10ia/visual/cover_j2.stl
[0.668s] -- Installing: /home/mateo-lince/fanuc_moveit_ws/install/fanuc_m10ia_support/share/fanuc_m10ia_support/meshes/m10ia/visual/link_1.stl
[0.761s] -- Installing: /home/mateo-lince/fanuc_moveit_ws/install/fanuc_m10ia_support/share/fanuc_m10ia_support/meshes/m10ia/visual/link_3.stl
[0.763s] -- Installing: /home/mateo-lince/fanuc_moveit_ws/install/fanuc_m10ia_support/share/fanuc_m10ia_support/meshes/m10ia/visual/link_6.stl
[0.763s] -- Installing: /home/mateo-lince/fanuc_moveit_ws/install/fanuc_m10ia_support/share/fanuc_m10ia_support/meshes/m10ia/visual/cover_j4.stl
[0.764s] -- Installing: /home/mateo-lince/fanuc_moveit_ws/install/fanuc_m10ia_support/share/fanuc_m10ia_support/meshes/m10ia/visual/link_4.stl
[0.764s] -- Installing: /home/mateo-lince/fanuc_moveit_ws/install/fanuc_m10ia_support/share/fanuc_m10ia_support/meshes/m10ia/visual/link_5.stl
[0.765s] -- Installing: /home/mateo-lince/fanuc_moveit_ws/install/fanuc_m10ia_support/share/fanuc_m10ia_support/meshes/m10ia/visual/link_2.stl
[0.765s] -- Installing: /home/mateo-lince/fanuc_moveit_ws/install/fanuc_m10ia_support/share/fanuc_m10ia_support/meshes/m10ia/visual/base_link.stl
[0.766s] -- Installing: /home/mateo-lince/fanuc_moveit_ws/install/fanuc_m10ia_support/share/ament_index/resource_index/package_run_dependencies/fanuc_m10ia_support
[0.766s] -- Installing: /home/mateo-lince/fanuc_moveit_ws/install/fanuc_m10ia_support/share/ament_index/resource_index/parent_prefix_path/fanuc_m10ia_support
[0.766s] -- Installing: /home/mateo-lince/fanuc_moveit_ws/install/fanuc_m10ia_support/share/fanuc_m10ia_support/environment/ament_prefix_path.sh
[0.767s] -- Installing: /home/mateo-lince/fanuc_moveit_ws/install/fanuc_m10ia_support/share/fanuc_m10ia_support/environment/ament_prefix_path.dsv
[0.767s] -- Installing: /home/mateo-lince/fanuc_moveit_ws/install/fanuc_m10ia_support/share/fanuc_m10ia_support/environment/path.sh
[0.767s] -- Installing: /home/mateo-lince/fanuc_moveit_ws/install/fanuc_m10ia_support/share/fanuc_m10ia_support/environment/path.dsv
[0.767s] -- Installing: /home/mateo-lince/fanuc_moveit_ws/install/fanuc_m10ia_support/share/fanuc_m10ia_support/local_setup.bash
[0.767s] -- Installing: /home/mateo-lince/fanuc_moveit_ws/install/fanuc_m10ia_support/share/fanuc_m10ia_support/local_setup.sh
[0.767s] -- Installing: /home/mateo-lince/fanuc_moveit_ws/install/fanuc_m10ia_support/share/fanuc_m10ia_support/local_setup.zsh
[0.767s] -- Installing: /home/mateo-lince/fanuc_moveit_ws/install/fanuc_m10ia_support/share/fanuc_m10ia_support/local_setup.dsv
[0.767s] -- Installing: /home/mateo-lince/fanuc_moveit_ws/install/fanuc_m10ia_support/share/fanuc_m10ia_support/package.dsv
[0.767s] -- Installing: /home/mateo-lince/fanuc_moveit_ws/install/fanuc_m10ia_support/share/ament_index/resource_index/packages/fanuc_m10ia_support
[0.767s] -- Installing: /home/mateo-lince/fanuc_moveit_ws/install/fanuc_m10ia_support/share/fanuc_m10ia_support/cmake/fanuc_m10ia_supportConfig.cmake
[0.767s] -- Installing: /home/mateo-lince/fanuc_moveit_ws/install/fanuc_m10ia_support/share/fanuc_m10ia_support/cmake/fanuc_m10ia_supportConfig-version.cmake
[0.767s] -- Installing: /home/mateo-lince/fanuc_moveit_ws/install/fanuc_m10ia_support/share/fanuc_m10ia_support/package.xml
[0.770s] Invoked command in '/home/mateo-lince/fanuc_moveit_ws/build/fanuc_m10ia_support' returned '0': CMAKE_PREFIX_PATH=${CMAKE_PREFIX_PATH}:/opt/ros/jazzy DEBUGINFOD_URLS=https://debuginfod.ubuntu.com /usr/bin/cmake --install /home/mateo-lince/fanuc_moveit_ws/build/fanuc_m10ia_support
