[0.008s] Invoking command in '/home/mateo-lince/fanuc_moveit_ws/build/fanuc_m10ia_moveit_config': CMAKE_PREFIX_PATH=/home/mateo-lince/fanuc_moveit_ws/install/fanuc_m10ia_support:/home/mateo-lince/fanuc_moveit_ws/install/fanuc_m10ia_moveit_config:/opt/ros/jazzy/opt/gz_sim_vendor:/opt/ros/jazzy/opt/gz_sensors_vendor:/opt/ros/jazzy/opt/gz_physics_vendor:/opt/ros/jazzy/opt/sdformat_vendor:/opt/ros/jazzy/opt/gz_gui_vendor:/opt/ros/jazzy/opt/gz_transport_vendor:/opt/ros/jazzy/opt/gz_rendering_vendor:/opt/ros/jazzy/opt/gz_plugin_vendor:/opt/ros/jazzy/opt/gz_fuel_tools_vendor:/opt/ros/jazzy/opt/gz_msgs_vendor:/opt/ros/jazzy/opt/gz_common_vendor:/opt/ros/jazzy/opt/gz_math_vendor:/opt/ros/jazzy/opt/gz_utils_vendor:/opt/ros/jazzy/opt/gz_tools_vendor:/opt/ros/jazzy/opt/gz_ogre_next_vendor:/opt/ros/jazzy/opt/gz_dartsim_vendor:/opt/ros/jazzy/opt/gz_cmake_vendor:/opt/ros/jazzy DEBUGINFOD_URLS=https://debuginfod.ubuntu.com PS1=\[\e]0;\u@\h: \w\a\]${debian_chroot:+($debian_chroot)}\[\033[01;32m\]\u@\h\[\033[00m\]:\[\033[01;34m\]\w\[\033[00m\]\$ /usr/bin/cmake --build /home/mateo-lince/fanuc_moveit_ws/build/fanuc_m10ia_moveit_config -- -j16 -l16
[0.027s] -- Found ament_cmake: 2.5.6 (/opt/ros/jazzy/share/ament_cmake/cmake)
[0.229s] -- Configuring done (0.2s)
[0.231s] -- Generating done (0.0s)
[0.233s] -- Build files have been written to: /home/mateo-lince/fanuc_moveit_ws/build/fanuc_m10ia_moveit_config
[0.254s] Invoked command in '/home/mateo-lince/fanuc_moveit_ws/build/fanuc_m10ia_moveit_config' returned '0': CMAKE_PREFIX_PATH=/home/mateo-lince/fanuc_moveit_ws/install/fanuc_m10ia_support:/home/mateo-lince/fanuc_moveit_ws/install/fanuc_m10ia_moveit_config:/opt/ros/jazzy/opt/gz_sim_vendor:/opt/ros/jazzy/opt/gz_sensors_vendor:/opt/ros/jazzy/opt/gz_physics_vendor:/opt/ros/jazzy/opt/sdformat_vendor:/opt/ros/jazzy/opt/gz_gui_vendor:/opt/ros/jazzy/opt/gz_transport_vendor:/opt/ros/jazzy/opt/gz_rendering_vendor:/opt/ros/jazzy/opt/gz_plugin_vendor:/opt/ros/jazzy/opt/gz_fuel_tools_vendor:/opt/ros/jazzy/opt/gz_msgs_vendor:/opt/ros/jazzy/opt/gz_common_vendor:/opt/ros/jazzy/opt/gz_math_vendor:/opt/ros/jazzy/opt/gz_utils_vendor:/opt/ros/jazzy/opt/gz_tools_vendor:/opt/ros/jazzy/opt/gz_ogre_next_vendor:/opt/ros/jazzy/opt/gz_dartsim_vendor:/opt/ros/jazzy/opt/gz_cmake_vendor:/opt/ros/jazzy DEBUGINFOD_URLS=https://debuginfod.ubuntu.com PS1=\[\e]0;\u@\h: \w\a\]${debian_chroot:+($debian_chroot)}\[\033[01;32m\]\u@\h\[\033[00m\]:\[\033[01;34m\]\w\[\033[00m\]\$ /usr/bin/cmake --build /home/mateo-lince/fanuc_moveit_ws/build/fanuc_m10ia_moveit_config -- -j16 -l16
[0.255s] Invoking command in '/home/mateo-lince/fanuc_moveit_ws/build/fanuc_m10ia_moveit_config': CMAKE_PREFIX_PATH=/home/mateo-lince/fanuc_moveit_ws/install/fanuc_m10ia_support:/home/mateo-lince/fanuc_moveit_ws/install/fanuc_m10ia_moveit_config:/opt/ros/jazzy/opt/gz_sim_vendor:/opt/ros/jazzy/opt/gz_sensors_vendor:/opt/ros/jazzy/opt/gz_physics_vendor:/opt/ros/jazzy/opt/sdformat_vendor:/opt/ros/jazzy/opt/gz_gui_vendor:/opt/ros/jazzy/opt/gz_transport_vendor:/opt/ros/jazzy/opt/gz_rendering_vendor:/opt/ros/jazzy/opt/gz_plugin_vendor:/opt/ros/jazzy/opt/gz_fuel_tools_vendor:/opt/ros/jazzy/opt/gz_msgs_vendor:/opt/ros/jazzy/opt/gz_common_vendor:/opt/ros/jazzy/opt/gz_math_vendor:/opt/ros/jazzy/opt/gz_utils_vendor:/opt/ros/jazzy/opt/gz_tools_vendor:/opt/ros/jazzy/opt/gz_ogre_next_vendor:/opt/ros/jazzy/opt/gz_dartsim_vendor:/opt/ros/jazzy/opt/gz_cmake_vendor:/opt/ros/jazzy DEBUGINFOD_URLS=https://debuginfod.ubuntu.com PS1=\[\e]0;\u@\h: \w\a\]${debian_chroot:+($debian_chroot)}\[\033[01;32m\]\u@\h\[\033[00m\]:\[\033[01;34m\]\w\[\033[00m\]\$ /usr/bin/cmake --install /home/mateo-lince/fanuc_moveit_ws/build/fanuc_m10ia_moveit_config
[0.262s] -- Install configuration: ""
[0.262s] -- Up-to-date: /home/mateo-lince/fanuc_moveit_ws/install/fanuc_m10ia_moveit_config/share/ament_index/resource_index/package_run_dependencies/fanuc_m10ia_moveit_config
[0.262s] -- Up-to-date: /home/mateo-lince/fanuc_moveit_ws/install/fanuc_m10ia_moveit_config/share/ament_index/resource_index/parent_prefix_path/fanuc_m10ia_moveit_config
[0.262s] -- Up-to-date: /home/mateo-lince/fanuc_moveit_ws/install/fanuc_m10ia_moveit_config/share/fanuc_m10ia_moveit_config/environment/ament_prefix_path.sh
[0.263s] -- Up-to-date: /home/mateo-lince/fanuc_moveit_ws/install/fanuc_m10ia_moveit_config/share/fanuc_m10ia_moveit_config/environment/ament_prefix_path.dsv
[0.263s] -- Up-to-date: /home/mateo-lince/fanuc_moveit_ws/install/fanuc_m10ia_moveit_config/share/fanuc_m10ia_moveit_config/environment/path.sh
[0.263s] -- Up-to-date: /home/mateo-lince/fanuc_moveit_ws/install/fanuc_m10ia_moveit_config/share/fanuc_m10ia_moveit_config/environment/path.dsv
[0.263s] -- Up-to-date: /home/mateo-lince/fanuc_moveit_ws/install/fanuc_m10ia_moveit_config/share/fanuc_m10ia_moveit_config/local_setup.bash
[0.263s] -- Up-to-date: /home/mateo-lince/fanuc_moveit_ws/install/fanuc_m10ia_moveit_config/share/fanuc_m10ia_moveit_config/local_setup.sh
[0.263s] -- Up-to-date: /home/mateo-lince/fanuc_moveit_ws/install/fanuc_m10ia_moveit_config/share/fanuc_m10ia_moveit_config/local_setup.zsh
[0.263s] -- Up-to-date: /home/mateo-lince/fanuc_moveit_ws/install/fanuc_m10ia_moveit_config/share/fanuc_m10ia_moveit_config/local_setup.dsv
[0.263s] -- Installing: /home/mateo-lince/fanuc_moveit_ws/install/fanuc_m10ia_moveit_config/share/fanuc_m10ia_moveit_config/package.dsv
[0.263s] -- Up-to-date: /home/mateo-lince/fanuc_moveit_ws/install/fanuc_m10ia_moveit_config/share/ament_index/resource_index/packages/fanuc_m10ia_moveit_config
[0.263s] -- Up-to-date: /home/mateo-lince/fanuc_moveit_ws/install/fanuc_m10ia_moveit_config/share/fanuc_m10ia_moveit_config/cmake/fanuc_m10ia_moveit_configConfig.cmake
[0.263s] -- Up-to-date: /home/mateo-lince/fanuc_moveit_ws/install/fanuc_m10ia_moveit_config/share/fanuc_m10ia_moveit_config/cmake/fanuc_m10ia_moveit_configConfig-version.cmake
[0.263s] -- Installing: /home/mateo-lince/fanuc_moveit_ws/install/fanuc_m10ia_moveit_config/share/fanuc_m10ia_moveit_config/package.xml
[0.263s] -- Up-to-date: /home/mateo-lince/fanuc_moveit_ws/install/fanuc_m10ia_moveit_config/share/fanuc_m10ia_moveit_config/launch
[0.263s] -- Installing: /home/mateo-lince/fanuc_moveit_ws/install/fanuc_m10ia_moveit_config/share/fanuc_m10ia_moveit_config/launch/warehouse_db.launch.py
[0.263s] -- Installing: /home/mateo-lince/fanuc_moveit_ws/install/fanuc_m10ia_moveit_config/share/fanuc_m10ia_moveit_config/launch/setup_assistant.launch.py
[0.263s] -- Installing: /home/mateo-lince/fanuc_moveit_ws/install/fanuc_m10ia_moveit_config/share/fanuc_m10ia_moveit_config/launch/moveit_rviz.launch.py
[0.263s] -- Installing: /home/mateo-lince/fanuc_moveit_ws/install/fanuc_m10ia_moveit_config/share/fanuc_m10ia_moveit_config/launch/spawn_controllers.launch.py
[0.263s] -- Installing: /home/mateo-lince/fanuc_moveit_ws/install/fanuc_m10ia_moveit_config/share/fanuc_m10ia_moveit_config/launch/demo.launch.py
[0.264s] -- Installing: /home/mateo-lince/fanuc_moveit_ws/install/fanuc_m10ia_moveit_config/share/fanuc_m10ia_moveit_config/launch/static_virtual_joint_tfs.launch.py
[0.264s] -- Installing: /home/mateo-lince/fanuc_moveit_ws/install/fanuc_m10ia_moveit_config/share/fanuc_m10ia_moveit_config/launch/move_group.launch.py
[0.264s] -- Installing: /home/mateo-lince/fanuc_moveit_ws/install/fanuc_m10ia_moveit_config/share/fanuc_m10ia_moveit_config/launch/rsp.launch.py
[0.264s] -- Up-to-date: /home/mateo-lince/fanuc_moveit_ws/install/fanuc_m10ia_moveit_config/share/fanuc_m10ia_moveit_config/config
[0.264s] -- Up-to-date: /home/mateo-lince/fanuc_moveit_ws/install/fanuc_m10ia_moveit_config/share/fanuc_m10ia_moveit_config/config/fanuc_m10ia.urdf.xacro
[0.264s] -- Installing: /home/mateo-lince/fanuc_moveit_ws/install/fanuc_m10ia_moveit_config/share/fanuc_m10ia_moveit_config/config/pilz_cartesian_limits.yaml
[0.264s] -- Installing: /home/mateo-lince/fanuc_moveit_ws/install/fanuc_m10ia_moveit_config/share/fanuc_m10ia_moveit_config/config/moveit.rviz
[0.264s] -- Installing: /home/mateo-lince/fanuc_moveit_ws/install/fanuc_m10ia_moveit_config/share/fanuc_m10ia_moveit_config/config/moveit_controllers.yaml
[0.264s] -- Installing: /home/mateo-lince/fanuc_moveit_ws/install/fanuc_m10ia_moveit_config/share/fanuc_m10ia_moveit_config/config/kinematics.yaml
[0.264s] -- Installing: /home/mateo-lince/fanuc_moveit_ws/install/fanuc_m10ia_moveit_config/share/fanuc_m10ia_moveit_config/config/fanuc_m10ia.srdf
[0.264s] -- Up-to-date: /home/mateo-lince/fanuc_moveit_ws/install/fanuc_m10ia_moveit_config/share/fanuc_m10ia_moveit_config/config/initial_positions.yaml
[0.264s] -- Installing: /home/mateo-lince/fanuc_moveit_ws/install/fanuc_m10ia_moveit_config/share/fanuc_m10ia_moveit_config/config/sensors_3d.yaml
[0.264s] -- Installing: /home/mateo-lince/fanuc_moveit_ws/install/fanuc_m10ia_moveit_config/share/fanuc_m10ia_moveit_config/config/ros2_controllers.yaml
[0.264s] -- Up-to-date: /home/mateo-lince/fanuc_moveit_ws/install/fanuc_m10ia_moveit_config/share/fanuc_m10ia_moveit_config/config/fanuc_m10ia.ros2_control.xacro
[0.264s] -- Installing: /home/mateo-lince/fanuc_moveit_ws/install/fanuc_m10ia_moveit_config/share/fanuc_m10ia_moveit_config/config/joint_limits.yaml
[0.264s] -- Installing: /home/mateo-lince/fanuc_moveit_ws/install/fanuc_m10ia_moveit_config/share/fanuc_m10ia_moveit_config/.setup_assistant
[0.266s] Invoked command in '/home/mateo-lince/fanuc_moveit_ws/build/fanuc_m10ia_moveit_config' returned '0': CMAKE_PREFIX_PATH=/home/mateo-lince/fanuc_moveit_ws/install/fanuc_m10ia_support:/home/mateo-lince/fanuc_moveit_ws/install/fanuc_m10ia_moveit_config:/opt/ros/jazzy/opt/gz_sim_vendor:/opt/ros/jazzy/opt/gz_sensors_vendor:/opt/ros/jazzy/opt/gz_physics_vendor:/opt/ros/jazzy/opt/sdformat_vendor:/opt/ros/jazzy/opt/gz_gui_vendor:/opt/ros/jazzy/opt/gz_transport_vendor:/opt/ros/jazzy/opt/gz_rendering_vendor:/opt/ros/jazzy/opt/gz_plugin_vendor:/opt/ros/jazzy/opt/gz_fuel_tools_vendor:/opt/ros/jazzy/opt/gz_msgs_vendor:/opt/ros/jazzy/opt/gz_common_vendor:/opt/ros/jazzy/opt/gz_math_vendor:/opt/ros/jazzy/opt/gz_utils_vendor:/opt/ros/jazzy/opt/gz_tools_vendor:/opt/ros/jazzy/opt/gz_ogre_next_vendor:/opt/ros/jazzy/opt/gz_dartsim_vendor:/opt/ros/jazzy/opt/gz_cmake_vendor:/opt/ros/jazzy DEBUGINFOD_URLS=https://debuginfod.ubuntu.com PS1=\[\e]0;\u@\h: \w\a\]${debian_chroot:+($debian_chroot)}\[\033[01;32m\]\u@\h\[\033[00m\]:\[\033[01;34m\]\w\[\033[00m\]\$ /usr/bin/cmake --install /home/mateo-lince/fanuc_moveit_ws/build/fanuc_m10ia_moveit_config
