[0.010s] Invoking command in '/home/mateo-lince/fanuc_moveit_ws/build/fanuc_m10ia_control': CMAKE_PREFIX_PATH=${CMAKE_PREFIX_PATH}:/opt/ros/jazzy DEBUGINFOD_URLS=https://debuginfod.ubuntu.com /usr/bin/cmake --build /home/mateo-lince/fanuc_moveit_ws/build/fanuc_m10ia_control -- -j16 -l16
[0.032s] -- Found ament_cmake: 2.5.6 (/opt/ros/jazzy/share/ament_cmake/cmake)
[0.175s] -- Found rclcpp: 28.1.21 (/opt/ros/jazzy/share/rclcpp/cmake)
[0.193s] -- Found rosidl_generator_c: 4.6.9 (/opt/ros/jazzy/share/rosidl_generator_c/cmake)
[0.201s] -- Found rosidl_generator_cpp: 4.6.9 (/opt/ros/jazzy/share/rosidl_generator_cpp/cmake)
[0.208s] -- Using all available rosidl_typesupport_c: rosidl_typesupport_fastrtps_c;rosidl_typesupport_introspection_c
[0.216s] -- Using all available rosidl_typesupport_cpp: rosidl_typesupport_fastrtps_cpp;rosidl_typesupport_introspection_cpp
[0.254s] -- Found rmw_implementation_cmake: 7.3.3 (/opt/ros/jazzy/share/rmw_implementation_cmake/cmake)
[0.255s] -- Found rmw_fastrtps_cpp: 8.4.4 (/opt/ros/jazzy/share/rmw_fastrtps_cpp/cmake)
[0.305s] -- Using RMW implementation 'rmw_fastrtps_cpp' as default
[0.348s] -- Found moveit_ros_planning_interface: 2.12.4 (/opt/ros/jazzy/share/moveit_ros_planning_interface/cmake)
[0.355s] -- Found Boost: /usr/lib/x86_64-linux-gnu/cmake/Boost-1.83.0/BoostConfig.cmake (found version "1.83.0") found components: date_time filesystem program_options system thread 
[0.526s] -- Found Boost: /usr/lib/x86_64-linux-gnu/cmake/Boost-1.83.0/BoostConfig.cmake (found version "1.83.0") found components: chrono date_time filesystem iostreams program_options regex serialization system thread 
[0.550s] -- Found parameter_traits: 0.7.3 (/opt/ros/jazzy/share/parameter_traits/cmake)
[0.553s] [0mCMake Deprecation Warning at /opt/ros/jazzy/share/tl_expected/cmake/tl_expectedConfig.cmake:37 (message):
[0.553s]   Package 'tl_expected' is deprecated (This package will be removed in ROS 2
[0.553s]   Lyrical Luth.
[0.553s] 
[0.553s]         Use tl/expected.hpp from libexpected-dev,
[0.553s]         or rcpputils/tl_expected/expected.hpp if the system header is not available)
[0.553s] Call Stack (most recent call first):
[0.553s]   /opt/ros/jazzy/share/parameter_traits/cmake/ament_cmake_export_dependencies-extras.cmake:21 (find_package)
[0.553s]   /opt/ros/jazzy/share/parameter_traits/cmake/parameter_traitsConfig.cmake:41 (include)
[0.553s]   /opt/ros/jazzy/share/generate_parameter_library/cmake/generate_parameter_library-extras.cmake:30 (find_package)
[0.554s]   /opt/ros/jazzy/share/generate_parameter_library/cmake/generate_parameter_libraryConfig.cmake:41 (include)
[0.554s]   /opt/ros/jazzy/share/moveit_core/cmake/ament_cmake_export_dependencies-extras.cmake:21 (find_package)
[0.554s]   /opt/ros/jazzy/share/moveit_core/cmake/moveit_coreConfig.cmake:41 (include)
[0.554s]   /opt/ros/jazzy/share/moveit_ros_planning_interface/cmake/ament_cmake_export_dependencies-extras.cmake:21 (find_package)
[0.554s]   /opt/ros/jazzy/share/moveit_ros_planning_interface/cmake/moveit_ros_planning_interfaceConfig.cmake:41 (include)
[0.554s]   CMakeLists.txt:11 (find_package)
[0.554s] 
[0.554s] [0m
[0.554s] -- Found rclcpp_lifecycle: 28.1.21 (/opt/ros/jazzy/share/rclcpp_lifecycle/cmake)
[0.604s] -- Ensuring Eigen3 include directory is part of orocos-kdl CMake target
[0.684s] -- Found Boost: /usr/lib/x86_64-linux-gnu/cmake/Boost-1.83.0/BoostConfig.cmake (found version "1.83.0") found components: system filesystem date_time program_options thread chrono 
[0.717s] -- Found Boost: /usr/lib/x86_64-linux-gnu/cmake/Boost-1.83.0/BoostConfig.cmake (found version "1.83.0") found components: thread system filesystem regex date_time program_options 
[0.733s] -- Found Boost: /usr/lib/x86_64-linux-gnu/cmake/Boost-1.83.0/BoostConfig.cmake (found version "1.83.0") found components: system filesystem date_time program_options thread 
[0.756s] -- Found ament_lint_auto: 0.17.5 (/opt/ros/jazzy/share/ament_lint_auto/cmake)
[0.830s] -- Added test 'cppcheck' to perform static code analysis on C / C++ code
[0.830s] -- Configured cppcheck include dirs: 
[0.830s] -- Configured cppcheck exclude dirs and/or files: 
[0.830s] -- Added test 'flake8' to check Python code syntax and style conventions
[0.830s] -- Configured 'flake8' exclude dirs and/or files: 
[0.831s] -- Added test 'lint_cmake' to check CMake code style
[0.831s] -- Added test 'pep257' to check Python code against some of the docstring style conventions in PEP 257
[0.833s] -- Added test 'uncrustify' to check C / C++ code style
[0.833s] -- Configured uncrustify additional arguments: 
[0.833s] -- Added test 'xmllint' to check XML markup files
[0.834s] -- Configuring done (0.8s)
[0.856s] -- Generating done (0.0s)
[0.860s] -- Build files have been written to: /home/mateo-lince/fanuc_moveit_ws/build/fanuc_m10ia_control
[0.902s] [ 25%] [32mBuilding CXX object CMakeFiles/path_length.dir/src/path_length.cpp.o[0m
[0.912s] [ 75%] Built target planning_scene
[6.303s] [100%] [32m[1mLinking CXX executable path_length[0m
[6.608s] [100%] Built target path_length
[6.624s] Invoked command in '/home/mateo-lince/fanuc_moveit_ws/build/fanuc_m10ia_control' returned '0': CMAKE_PREFIX_PATH=${CMAKE_PREFIX_PATH}:/opt/ros/jazzy DEBUGINFOD_URLS=https://debuginfod.ubuntu.com /usr/bin/cmake --build /home/mateo-lince/fanuc_moveit_ws/build/fanuc_m10ia_control -- -j16 -l16
[6.625s] Invoking command in '/home/mateo-lince/fanuc_moveit_ws/build/fanuc_m10ia_control': CMAKE_PREFIX_PATH=${CMAKE_PREFIX_PATH}:/opt/ros/jazzy DEBUGINFOD_URLS=https://debuginfod.ubuntu.com /usr/bin/cmake --install /home/mateo-lince/fanuc_moveit_ws/build/fanuc_m10ia_control
[6.632s] -- Install configuration: ""
[6.633s] -- Up-to-date: /home/mateo-lince/fanuc_moveit_ws/install/fanuc_m10ia_control/lib/fanuc_m10ia_control/planning_scene
[6.633s] -- Installing: /home/mateo-lince/fanuc_moveit_ws/install/fanuc_m10ia_control/lib/fanuc_m10ia_control/path_length
[6.636s] -- Set non-toolchain portion of runtime path of "/home/mateo-lince/fanuc_moveit_ws/install/fanuc_m10ia_control/lib/fanuc_m10ia_control/path_length" to ""
[6.636s] -- Up-to-date: /home/mateo-lince/fanuc_moveit_ws/install/fanuc_m10ia_control/share/ament_index/resource_index/package_run_dependencies/fanuc_m10ia_control
[6.636s] -- Installing: /home/mateo-lince/fanuc_moveit_ws/install/fanuc_m10ia_control/share/ament_index/resource_index/parent_prefix_path/fanuc_m10ia_control
[6.636s] -- Up-to-date: /home/mateo-lince/fanuc_moveit_ws/install/fanuc_m10ia_control/share/fanuc_m10ia_control/environment/ament_prefix_path.sh
[6.636s] -- Up-to-date: /home/mateo-lince/fanuc_moveit_ws/install/fanuc_m10ia_control/share/fanuc_m10ia_control/environment/ament_prefix_path.dsv
[6.636s] -- Up-to-date: /home/mateo-lince/fanuc_moveit_ws/install/fanuc_m10ia_control/share/fanuc_m10ia_control/environment/path.sh
[6.636s] -- Up-to-date: /home/mateo-lince/fanuc_moveit_ws/install/fanuc_m10ia_control/share/fanuc_m10ia_control/environment/path.dsv
[6.637s] -- Up-to-date: /home/mateo-lince/fanuc_moveit_ws/install/fanuc_m10ia_control/share/fanuc_m10ia_control/local_setup.bash
[6.637s] -- Up-to-date: /home/mateo-lince/fanuc_moveit_ws/install/fanuc_m10ia_control/share/fanuc_m10ia_control/local_setup.sh
[6.637s] -- Up-to-date: /home/mateo-lince/fanuc_moveit_ws/install/fanuc_m10ia_control/share/fanuc_m10ia_control/local_setup.zsh
[6.637s] -- Up-to-date: /home/mateo-lince/fanuc_moveit_ws/install/fanuc_m10ia_control/share/fanuc_m10ia_control/local_setup.dsv
[6.637s] -- Installing: /home/mateo-lince/fanuc_moveit_ws/install/fanuc_m10ia_control/share/fanuc_m10ia_control/package.dsv
[6.637s] -- Up-to-date: /home/mateo-lince/fanuc_moveit_ws/install/fanuc_m10ia_control/share/ament_index/resource_index/packages/fanuc_m10ia_control
[6.637s] -- Up-to-date: /home/mateo-lince/fanuc_moveit_ws/install/fanuc_m10ia_control/share/fanuc_m10ia_control/cmake/fanuc_m10ia_controlConfig.cmake
[6.637s] -- Up-to-date: /home/mateo-lince/fanuc_moveit_ws/install/fanuc_m10ia_control/share/fanuc_m10ia_control/cmake/fanuc_m10ia_controlConfig-version.cmake
[6.637s] -- Up-to-date: /home/mateo-lince/fanuc_moveit_ws/install/fanuc_m10ia_control/share/fanuc_m10ia_control/package.xml
[6.638s] Invoked command in '/home/mateo-lince/fanuc_moveit_ws/build/fanuc_m10ia_control' returned '0': CMAKE_PREFIX_PATH=${CMAKE_PREFIX_PATH}:/opt/ros/jazzy DEBUGINFOD_URLS=https://debuginfod.ubuntu.com /usr/bin/cmake --install /home/mateo-lince/fanuc_moveit_ws/build/fanuc_m10ia_control
