[0.009s] Invoking command in '/home/mateo-lince/fanuc_moveit_ws/build/fanuc_m10ia_moveit_config': CMAKE_PREFIX_PATH=${CMAKE_PREFIX_PATH}:/opt/ros/jazzy DEBUGINFOD_URLS=https://debuginfod.ubuntu.com PS1=\[\e]0;\u@\h: \w\a\]${debian_chroot:+($debian_chroot)}\[\033[01;32m\]\u@\h\[\033[00m\]:\[\033[01;34m\]\w\[\033[00m\]\$ /usr/bin/cmake /home/mateo-lince/fanuc_moveit_ws/src/fanuc_m10ia_moveit_config -DCMAKE_INSTALL_PREFIX=/home/mateo-lince/fanuc_moveit_ws/install/fanuc_m10ia_moveit_config
[0.054s] -- The C compiler identification is GNU 13.3.0
[0.097s] -- The CXX compiler identification is GNU 13.3.0
[0.113s] -- Detecting C compiler ABI info
[0.198s] -- Detecting C compiler ABI info - done
[0.203s] -- Check for working C compiler: /usr/bin/cc - skipped
[0.204s] -- Detecting C compile features
[0.204s] -- Detecting C compile features - done
[0.213s] -- Detecting CXX compiler ABI info
[0.305s] -- Detecting CXX compiler ABI info - done
[0.310s] -- Check for working CXX compiler: /usr/bin/c++ - skipped
[0.310s] -- Detecting CXX compile features
[0.311s] -- Detecting CXX compile features - done
[0.315s] -- Found ament_cmake: 2.5.6 (/opt/ros/jazzy/share/ament_cmake/cmake)
[0.435s] -- Found Python3: /usr/bin/python3 (found version "3.12.3") found components: Interpreter 
[0.593s] -- Configuring done (0.6s)
[0.595s] -- Generating done (0.0s)
[0.596s] -- Build files have been written to: /home/mateo-lince/fanuc_moveit_ws/build/fanuc_m10ia_moveit_config
[0.602s] Invoked command in '/home/mateo-lince/fanuc_moveit_ws/build/fanuc_m10ia_moveit_config' returned '0': CMAKE_PREFIX_PATH=${CMAKE_PREFIX_PATH}:/opt/ros/jazzy DEBUGINFOD_URLS=https://debuginfod.ubuntu.com PS1=\[\e]0;\u@\h: \w\a\]${debian_chroot:+($debian_chroot)}\[\033[01;32m\]\u@\h\[\033[00m\]:\[\033[01;34m\]\w\[\033[00m\]\$ /usr/bin/cmake /home/mateo-lince/fanuc_moveit_ws/src/fanuc_m10ia_moveit_config -DCMAKE_INSTALL_PREFIX=/home/mateo-lince/fanuc_moveit_ws/install/fanuc_m10ia_moveit_config
[0.603s] Invoking command in '/home/mateo-lince/fanuc_moveit_ws/build/fanuc_m10ia_moveit_config': CMAKE_PREFIX_PATH=${CMAKE_PREFIX_PATH}:/opt/ros/jazzy DEBUGINFOD_URLS=https://debuginfod.ubuntu.com PS1=\[\e]0;\u@\h: \w\a\]${debian_chroot:+($debian_chroot)}\[\033[01;32m\]\u@\h\[\033[00m\]:\[\033[01;34m\]\w\[\033[00m\]\$ /usr/bin/cmake --build /home/mateo-lince/fanuc_moveit_ws/build/fanuc_m10ia_moveit_config -- -j16 -l16
[0.642s] Invoked command in '/home/mateo-lince/fanuc_moveit_ws/build/fanuc_m10ia_moveit_config' returned '0': CMAKE_PREFIX_PATH=${CMAKE_PREFIX_PATH}:/opt/ros/jazzy DEBUGINFOD_URLS=https://debuginfod.ubuntu.com PS1=\[\e]0;\u@\h: \w\a\]${debian_chroot:+($debian_chroot)}\[\033[01;32m\]\u@\h\[\033[00m\]:\[\033[01;34m\]\w\[\033[00m\]\$ /usr/bin/cmake --build /home/mateo-lince/fanuc_moveit_ws/build/fanuc_m10ia_moveit_config -- -j16 -l16
[0.643s] Invoking command in '/home/mateo-lince/fanuc_moveit_ws/build/fanuc_m10ia_moveit_config': CMAKE_PREFIX_PATH=${CMAKE_PREFIX_PATH}:/opt/ros/jazzy DEBUGINFOD_URLS=https://debuginfod.ubuntu.com PS1=\[\e]0;\u@\h: \w\a\]${debian_chroot:+($debian_chroot)}\[\033[01;32m\]\u@\h\[\033[00m\]:\[\033[01;34m\]\w\[\033[00m\]\$ /usr/bin/cmake --install /home/mateo-lince/fanuc_moveit_ws/build/fanuc_m10ia_moveit_config
[0.650s] -- Install configuration: ""
[0.650s] -- Installing: /home/mateo-lince/fanuc_moveit_ws/install/fanuc_m10ia_moveit_config/share/ament_index/resource_index/package_run_dependencies/fanuc_m10ia_moveit_config
[0.650s] -- Installing: /home/mateo-lince/fanuc_moveit_ws/install/fanuc_m10ia_moveit_config/share/ament_index/resource_index/parent_prefix_path/fanuc_m10ia_moveit_config
[0.650s] -- Installing: /home/mateo-lince/fanuc_moveit_ws/install/fanuc_m10ia_moveit_config/share/fanuc_m10ia_moveit_config/environment/ament_prefix_path.sh
[0.650s] -- Installing: /home/mateo-lince/fanuc_moveit_ws/install/fanuc_m10ia_moveit_config/share/fanuc_m10ia_moveit_config/environment/ament_prefix_path.dsv
[0.650s] -- Installing: /home/mateo-lince/fanuc_moveit_ws/install/fanuc_m10ia_moveit_config/share/fanuc_m10ia_moveit_config/environment/path.sh
[0.650s] -- Installing: /home/mateo-lince/fanuc_moveit_ws/install/fanuc_m10ia_moveit_config/share/fanuc_m10ia_moveit_config/environment/path.dsv
[0.650s] -- Installing: /home/mateo-lince/fanuc_moveit_ws/install/fanuc_m10ia_moveit_config/share/fanuc_m10ia_moveit_config/local_setup.bash
[0.650s] -- Installing: /home/mateo-lince/fanuc_moveit_ws/install/fanuc_m10ia_moveit_config/share/fanuc_m10ia_moveit_config/local_setup.sh
[0.651s] -- Installing: /home/mateo-lince/fanuc_moveit_ws/install/fanuc_m10ia_moveit_config/share/fanuc_m10ia_moveit_config/local_setup.zsh
[0.651s] -- Installing: /home/mateo-lince/fanuc_moveit_ws/install/fanuc_m10ia_moveit_config/share/fanuc_m10ia_moveit_config/local_setup.dsv
[0.651s] -- Installing: /home/mateo-lince/fanuc_moveit_ws/install/fanuc_m10ia_moveit_config/share/fanuc_m10ia_moveit_config/package.dsv
[0.651s] -- Installing: /home/mateo-lince/fanuc_moveit_ws/install/fanuc_m10ia_moveit_config/share/ament_index/resource_index/packages/fanuc_m10ia_moveit_config
[0.651s] -- Installing: /home/mateo-lince/fanuc_moveit_ws/install/fanuc_m10ia_moveit_config/share/fanuc_m10ia_moveit_config/cmake/fanuc_m10ia_moveit_configConfig.cmake
[0.651s] -- Installing: /home/mateo-lince/fanuc_moveit_ws/install/fanuc_m10ia_moveit_config/share/fanuc_m10ia_moveit_config/cmake/fanuc_m10ia_moveit_configConfig-version.cmake
[0.651s] -- Installing: /home/mateo-lince/fanuc_moveit_ws/install/fanuc_m10ia_moveit_config/share/fanuc_m10ia_moveit_config/package.xml
[0.651s] -- Installing: /home/mateo-lince/fanuc_moveit_ws/install/fanuc_m10ia_moveit_config/share/fanuc_m10ia_moveit_config/launch
[0.651s] -- Installing: /home/mateo-lince/fanuc_moveit_ws/install/fanuc_m10ia_moveit_config/share/fanuc_m10ia_moveit_config/launch/warehouse_db.launch.py
[0.651s] -- Installing: /home/mateo-lince/fanuc_moveit_ws/install/fanuc_m10ia_moveit_config/share/fanuc_m10ia_moveit_config/launch/setup_assistant.launch.py
[0.651s] -- Installing: /home/mateo-lince/fanuc_moveit_ws/install/fanuc_m10ia_moveit_config/share/fanuc_m10ia_moveit_config/launch/moveit_rviz.launch.py
[0.651s] -- Installing: /home/mateo-lince/fanuc_moveit_ws/install/fanuc_m10ia_moveit_config/share/fanuc_m10ia_moveit_config/launch/spawn_controllers.launch.py
[0.651s] -- Installing: /home/mateo-lince/fanuc_moveit_ws/install/fanuc_m10ia_moveit_config/share/fanuc_m10ia_moveit_config/launch/demo.launch.py
[0.651s] -- Installing: /home/mateo-lince/fanuc_moveit_ws/install/fanuc_m10ia_moveit_config/share/fanuc_m10ia_moveit_config/launch/static_virtual_joint_tfs.launch.py
[0.652s] -- Installing: /home/mateo-lince/fanuc_moveit_ws/install/fanuc_m10ia_moveit_config/share/fanuc_m10ia_moveit_config/launch/move_group.launch.py
[0.652s] -- Installing: /home/mateo-lince/fanuc_moveit_ws/install/fanuc_m10ia_moveit_config/share/fanuc_m10ia_moveit_config/launch/rsp.launch.py
[0.652s] -- Installing: /home/mateo-lince/fanuc_moveit_ws/install/fanuc_m10ia_moveit_config/share/fanuc_m10ia_moveit_config/config
[0.652s] -- Installing: /home/mateo-lince/fanuc_moveit_ws/install/fanuc_m10ia_moveit_config/share/fanuc_m10ia_moveit_config/config/fanuc_m10ia.urdf.xacro
[0.652s] -- Installing: /home/mateo-lince/fanuc_moveit_ws/install/fanuc_m10ia_moveit_config/share/fanuc_m10ia_moveit_config/config/pilz_cartesian_limits.yaml
[0.652s] -- Installing: /home/mateo-lince/fanuc_moveit_ws/install/fanuc_m10ia_moveit_config/share/fanuc_m10ia_moveit_config/config/moveit.rviz
[0.652s] -- Installing: /home/mateo-lince/fanuc_moveit_ws/install/fanuc_m10ia_moveit_config/share/fanuc_m10ia_moveit_config/config/moveit_controllers.yaml
[0.652s] -- Installing: /home/mateo-lince/fanuc_moveit_ws/install/fanuc_m10ia_moveit_config/share/fanuc_m10ia_moveit_config/config/kinematics.yaml
[0.652s] -- Installing: /home/mateo-lince/fanuc_moveit_ws/install/fanuc_m10ia_moveit_config/share/fanuc_m10ia_moveit_config/config/fanuc_m10ia.srdf
[0.652s] -- Installing: /home/mateo-lince/fanuc_moveit_ws/install/fanuc_m10ia_moveit_config/share/fanuc_m10ia_moveit_config/config/initial_positions.yaml
[0.652s] -- Installing: /home/mateo-lince/fanuc_moveit_ws/install/fanuc_m10ia_moveit_config/share/fanuc_m10ia_moveit_config/config/ros2_controllers.yaml
[0.652s] -- Installing: /home/mateo-lince/fanuc_moveit_ws/install/fanuc_m10ia_moveit_config/share/fanuc_m10ia_moveit_config/config/fanuc_m10ia.ros2_control.xacro
[0.652s] -- Installing: /home/mateo-lince/fanuc_moveit_ws/install/fanuc_m10ia_moveit_config/share/fanuc_m10ia_moveit_config/config/joint_limits.yaml
[0.652s] -- Installing: /home/mateo-lince/fanuc_moveit_ws/install/fanuc_m10ia_moveit_config/share/fanuc_m10ia_moveit_config/.setup_assistant
[0.654s] Invoked command in '/home/mateo-lince/fanuc_moveit_ws/build/fanuc_m10ia_moveit_config' returned '0': CMAKE_PREFIX_PATH=${CMAKE_PREFIX_PATH}:/opt/ros/jazzy DEBUGINFOD_URLS=https://debuginfod.ubuntu.com PS1=\[\e]0;\u@\h: \w\a\]${debian_chroot:+($debian_chroot)}\[\033[01;32m\]\u@\h\[\033[00m\]:\[\033[01;34m\]\w\[\033[00m\]\$ /usr/bin/cmake --install /home/mateo-lince/fanuc_moveit_ws/build/fanuc_m10ia_moveit_config
