-- The C compiler identification is GNU 13.3.0
-- The CXX compiler identification is GNU 13.3.0
-- Detecting C compiler ABI info
-- Detecting C compiler ABI info - done
-- Check for working C compiler: /usr/bin/cc - skipped
-- Detecting C compile features
-- Detecting C compile features - done
-- Detecting CXX compiler ABI info
-- Detecting CXX compiler ABI info - done
-- Check for working CXX compiler: /usr/bin/c++ - skipped
-- Detecting CXX compile features
-- Detecting CXX compile features - done
-- Found ament_cmake: 2.5.6 (/opt/ros/jazzy/share/ament_cmake/cmake)
-- Found Python3: /usr/bin/python3 (found version "3.12.3") found components: Interpreter 
-- Found rclcpp: 28.1.21 (/opt/ros/jazzy/share/rclcpp/cmake)
-- Found rosidl_generator_c: 4.6.9 (/opt/ros/jazzy/share/rosidl_generator_c/cmake)
-- Found rosidl_generator_cpp: 4.6.9 (/opt/ros/jazzy/share/rosidl_generator_cpp/cmake)
-- Using all available rosidl_typesupport_c: rosidl_typesupport_fastrtps_c;rosidl_typesupport_introspection_c
-- Using all available rosidl_typesupport_cpp: rosidl_typesupport_fastrtps_cpp;rosidl_typesupport_introspection_cpp
-- Found rmw_implementation_cmake: 7.3.3 (/opt/ros/jazzy/share/rmw_implementation_cmake/cmake)
-- Found rmw_fastrtps_cpp: 8.4.4 (/opt/ros/jazzy/share/rmw_fastrtps_cpp/cmake)
-- Found OpenSSL: /usr/lib/x86_64-linux-gnu/libcrypto.so (found version "3.0.13")  
-- Found FastRTPS: /opt/ros/jazzy/include (Required is at least version "2.13") 
-- Using RMW implementation 'rmw_fastrtps_cpp' as default
-- Found moveit_ros_planning_interface: 2.12.4 (/opt/ros/jazzy/share/moveit_ros_planning_interface/cmake)
-- Found Boost: /usr/lib/x86_64-linux-gnu/cmake/Boost-1.83.0/BoostConfig.cmake (found version "1.83.0") found components: date_time filesystem program_options system thread 
-- Found Boost: /usr/lib/x86_64-linux-gnu/cmake/Boost-1.83.0/BoostConfig.cmake (found version "1.83.0") found components: chrono date_time filesystem iostreams program_options regex serialization system thread 
-- Found parameter_traits: 0.7.3 (/opt/ros/jazzy/share/parameter_traits/cmake)
[0mCMake Deprecation Warning at /opt/ros/jazzy/share/tl_expected/cmake/tl_expectedConfig.cmake:37 (message):
  Package 'tl_expected' is deprecated (This package will be removed in ROS 2
  Lyrical Luth.

        Use tl/expected.hpp from libexpected-dev,
        or rcpputils/tl_expected/expected.hpp if the system header is not available)
Call Stack (most recent call first):
  /opt/ros/jazzy/share/parameter_traits/cmake/ament_cmake_export_dependencies-extras.cmake:21 (find_package)
  /opt/ros/jazzy/share/parameter_traits/cmake/parameter_traitsConfig.cmake:41 (include)
  /opt/ros/jazzy/share/generate_parameter_library/cmake/generate_parameter_library-extras.cmake:30 (find_package)
  /opt/ros/jazzy/share/generate_parameter_library/cmake/generate_parameter_libraryConfig.cmake:41 (include)
  /opt/ros/jazzy/share/moveit_core/cmake/ament_cmake_export_dependencies-extras.cmake:21 (find_package)
  /opt/ros/jazzy/share/moveit_core/cmake/moveit_coreConfig.cmake:41 (include)
  /opt/ros/jazzy/share/moveit_ros_planning_interface/cmake/ament_cmake_export_dependencies-extras.cmake:21 (find_package)
  /opt/ros/jazzy/share/moveit_ros_planning_interface/cmake/moveit_ros_planning_interfaceConfig.cmake:41 (include)
  CMakeLists.txt:11 (find_package)

[0m
-- Found rclcpp_lifecycle: 28.1.21 (/opt/ros/jazzy/share/rclcpp_lifecycle/cmake)
-- Found Eigen3: TRUE (found version "3.4.0") 
-- Ensuring Eigen3 include directory is part of orocos-kdl CMake target
-- Found Boost: /usr/lib/x86_64-linux-gnu/cmake/Boost-1.83.0/BoostConfig.cmake (found version "1.83.0") found components: system filesystem date_time program_options thread chrono 
-- Found Boost: /usr/lib/x86_64-linux-gnu/cmake/Boost-1.83.0/BoostConfig.cmake (found version "1.83.0") found components: thread system filesystem regex date_time program_options 
-- Found Boost: /usr/lib/x86_64-linux-gnu/cmake/Boost-1.83.0/BoostConfig.cmake (found version "1.83.0") found components: system filesystem date_time program_options thread 
-- Found ament_lint_auto: 0.17.5 (/opt/ros/jazzy/share/ament_lint_auto/cmake)
-- Added test 'cppcheck' to perform static code analysis on C / C++ code
-- Configured cppcheck include dirs: 
-- Configured cppcheck exclude dirs and/or files: 
-- Added test 'lint_cmake' to check CMake code style
-- Added test 'uncrustify' to check C / C++ code style
-- Configured uncrustify additional arguments: 
-- Added test 'xmllint' to check XML markup files
-- Configuring done (2.5s)
-- Generating done (0.0s)
-- Build files have been written to: /home/mateo-lince/fanuc_moveit_ws/build/fanuc_m10ia_control
[ 50%] [32mBuilding CXX object CMakeFiles/planning_scene.dir/src/planning_scene.cpp.o[0m
In file included from [01m[K/home/mateo-lince/fanuc_moveit_ws/src/fanuc_m10ia_control/src/planning_scene.cpp:2[m[K:
[01m[K/opt/ros/jazzy/include/moveit_ros_planning_interface/moveit/planning_scene_interface/planning_scene_interface.h:50:77:[m[K [01;36m[Knote: [m[K‘[01m[K#pragma message: .h header is obsolete. Please use the .hpp header instead.[m[K’
   50 |  message(".h header is obsolete. Please use the .hpp header instead."[01;36m[K)[m[K
      |                                                                      [01;36m[K^[m[K

[100%] [32m[1mLinking CXX executable planning_scene[0m
[100%] Built target planning_scene
-- Install configuration: ""
-- Installing: /home/mateo-lince/fanuc_moveit_ws/install/fanuc_m10ia_control/lib/fanuc_m10ia_control/planning_scene
-- Set non-toolchain portion of runtime path of "/home/mateo-lince/fanuc_moveit_ws/install/fanuc_m10ia_control/lib/fanuc_m10ia_control/planning_scene" to ""
-- Installing: /home/mateo-lince/fanuc_moveit_ws/install/fanuc_m10ia_control/share/ament_index/resource_index/package_run_dependencies/fanuc_m10ia_control
-- Installing: /home/mateo-lince/fanuc_moveit_ws/install/fanuc_m10ia_control/share/ament_index/resource_index/parent_prefix_path/fanuc_m10ia_control
-- Installing: /home/mateo-lince/fanuc_moveit_ws/install/fanuc_m10ia_control/share/fanuc_m10ia_control/environment/ament_prefix_path.sh
-- Installing: /home/mateo-lince/fanuc_moveit_ws/install/fanuc_m10ia_control/share/fanuc_m10ia_control/environment/ament_prefix_path.dsv
-- Installing: /home/mateo-lince/fanuc_moveit_ws/install/fanuc_m10ia_control/share/fanuc_m10ia_control/environment/path.sh
-- Installing: /home/mateo-lince/fanuc_moveit_ws/install/fanuc_m10ia_control/share/fanuc_m10ia_control/environment/path.dsv
-- Installing: /home/mateo-lince/fanuc_moveit_ws/install/fanuc_m10ia_control/share/fanuc_m10ia_control/local_setup.bash
-- Installing: /home/mateo-lince/fanuc_moveit_ws/install/fanuc_m10ia_control/share/fanuc_m10ia_control/local_setup.sh
-- Installing: /home/mateo-lince/fanuc_moveit_ws/install/fanuc_m10ia_control/share/fanuc_m10ia_control/local_setup.zsh
-- Installing: /home/mateo-lince/fanuc_moveit_ws/install/fanuc_m10ia_control/share/fanuc_m10ia_control/local_setup.dsv
-- Installing: /home/mateo-lince/fanuc_moveit_ws/install/fanuc_m10ia_control/share/fanuc_m10ia_control/package.dsv
-- Installing: /home/mateo-lince/fanuc_moveit_ws/install/fanuc_m10ia_control/share/ament_index/resource_index/packages/fanuc_m10ia_control
-- Installing: /home/mateo-lince/fanuc_moveit_ws/install/fanuc_m10ia_control/share/fanuc_m10ia_control/cmake/fanuc_m10ia_controlConfig.cmake
-- Installing: /home/mateo-lince/fanuc_moveit_ws/install/fanuc_m10ia_control/share/fanuc_m10ia_control/cmake/fanuc_m10ia_controlConfig-version.cmake
-- Installing: /home/mateo-lince/fanuc_moveit_ws/install/fanuc_m10ia_control/share/fanuc_m10ia_control/package.xml
